2026-03-30 14:31:26,312 - __main__ - INFO - ============================================================
2026-03-30 14:31:26,312 - __main__ - INFO - 🤖 Запуск Telegram-бота IDO SKILLS News (DEBUG)
2026-03-30 14:31:26,315 - __main__ - INFO - ============================================================
2026-03-30 14:31:26,315 - __main__ - INFO - 📡 Backend: http://localhost:5000/api
2026-03-30 14:31:26,315 - __main__ - INFO - 🔑 Token: 8730236171:AAFy_65gv...
2026-03-30 14:31:26,316 - __main__ - INFO - ⏱️ Timeout: 10s
2026-03-30 14:31:26,316 - __main__ - INFO - 📝 Log file: logs/telegram_bot_debug.log
2026-03-30 14:31:26,316 - __main__ - INFO - ============================================================
2026-03-30 14:31:26,317 - __main__ - INFO - 🔑 Попытка подключения без прокси...
2026-03-30 14:31:26,321 - urllib3.connectionpool - DEBUG - Starting new HTTPS connection (1): api.telegram.org:443
2026-03-30 14:31:27,540 - urllib3.connectionpool - DEBUG - https://api.telegram.org:443 "GET /bot8730236171:AAFy_65gvPbjYkMvnxpGyZ5bOirrxUC6rJQ/getMe HTTP/1.1" 200 333
2026-03-30 14:31:27,540 - __main__ - INFO - ✅ Подключение успешно!
2026-03-30 14:31:27,542 - __main__ - INFO - 🤖 Bot username: @ido_skills_news_bot
2026-03-30 14:31:27,542 - __main__ - INFO - 👤 Bot name: IDO Skills News Bot
2026-03-30 14:31:27,542 - __main__ - INFO - 🆔 Bot ID: 8730236171
2026-03-30 14:31:27,542 - __main__ - INFO - ============================================================
2026-03-30 14:31:27,543 - __main__ - INFO - 🚀 Запуск polling...
2026-03-30 14:31:27,676 - urllib3.connectionpool - DEBUG - https://api.telegram.org:443 "GET /bot8730236171:AAFy_65gvPbjYkMvnxpGyZ5bOirrxUC6rJQ/getMe HTTP/1.1" 200 333
2026-03-30 14:31:27,680 - urllib3.connectionpool - DEBUG - Starting new HTTPS connection (1): api.telegram.org:443
2026-03-30 14:31:39,711 - urllib3.connectionpool - DEBUG - https://api.telegram.org:443 "GET /bot8730236171:AAFy_65gvPbjYkMvnxpGyZ5bOirrxUC6rJQ/getUpdates?offset=1&timeout=20 HTTP/1.1" 200 517
2026-03-30 14:31:39,722 - __main__ - INFO - ============================================================
2026-03-30 14:31:39,723 - __main__ - INFO - 📨 Команда /start от пользователя
2026-03-30 14:31:39,723 - __main__ - INFO - 👤 Telegram ID: 5781900327
2026-03-30 14:31:39,724 - __main__ - INFO - 👤 Username: IgorCim
2026-03-30 14:31:39,724 - __main__ - INFO - 👤 First name: Игорь
2026-03-30 14:31:39,725 - __main__ - INFO - 👤 Last name: Симонов
2026-03-30 14:31:39,726 - __main__ - INFO - ============================================================
2026-03-30 14:31:39,729 - __main__ - INFO - 🔍 Поиск пользователя в базе...
2026-03-30 14:31:39,730 - __main__ - DEBUG - 🔍 Поиск пользователя: telegram_id=5781900327
2026-03-30 14:31:39,730 - __main__ - DEBUG - 📡 GET http://localhost:5000/api/users/5781900327
2026-03-30 14:31:39,732 - urllib3.connectionpool - DEBUG - Starting new HTTP connection (1): localhost:5000
2026-03-30 14:31:41,776 - urllib3.connectionpool - DEBUG - http://localhost:5000 "GET /api/users/5781900327 HTTP/1.1" 404 207
2026-03-30 14:31:41,777 - __main__ - DEBUG - 📥 Response status: 404
2026-03-30 14:31:41,780 - __main__ - DEBUG - 📥 Response body: <!doctype html>
<html lang=en>
<title>404 Not Found</title>
<h1>Not Found</h1>
<p>The requested URL was not found on the server. If you entered the URL manually please check your spelling and try agai
2026-03-30 14:31:41,780 - __main__ - INFO - ℹ️ Пользователь не найден (404)
2026-03-30 14:31:41,780 - __main__ - INFO - ➕ Пользователь не найден, создаём нового...
2026-03-30 14:31:41,780 - __main__ - DEBUG - ➕ Создание пользователя: telegram_id=5781900327, username=IgorCim
2026-03-30 14:31:41,781 - __main__ - DEBUG - 📧 Email: telegram_5781900327@idoskills.local
2026-03-30 14:31:41,781 - __main__ - DEBUG - 📡 POST http://localhost:5000/api/users
2026-03-30 14:31:41,781 - __main__ - DEBUG - 📤 Payload: {"username": "IgorCim", "email": "telegram_5781900327@idoskills.local", "interests": ["технологии", "новости"]}
2026-03-30 14:31:41,782 - urllib3.connectionpool - DEBUG - Starting new HTTP connection (1): localhost:5000
2026-03-30 14:31:43,876 - urllib3.connectionpool - DEBUG - http://localhost:5000 "POST /api/users HTTP/1.1" 500 62833
2026-03-30 14:31:43,877 - __main__ - DEBUG - 📥 Response status: 500
2026-03-30 14:31:43,878 - __main__ - DEBUG - 📥 Response body: <!doctype html>
<html lang=en>
  <head>
    <title>sqlalchemy.exc.IntegrityError: (sqlite3.IntegrityError) UNIQUE constraint failed: users.email
[SQL: INSERT INTO users (username, email, interests, news_threshold, created_at, last_digest) VALUES (?, ?, ?, ?, ?, ?)]
[parameters: (&#39;IgorCim&#39;, &#39;telegram_5781900327@idoskills.local&#39;, &#39;[&#34;\\u0442\\u0435\\u0445\\u043d\\u043e\\u043b\\u043e\\u0433\\u0438\\u0438&#34;, &#34;\\u043d\\u043e\\u0432\\u043e\\u0441\\u0442\\u0438&#34;]&#39;,
2026-03-30 14:31:43,879 - __main__ - ERROR - ❌ Ошибка 500: <!doctype html>
<html lang=en>
  <head>
    <title>sqlalchemy.exc.IntegrityError: (sqlite3.IntegrityError) UNIQUE constraint failed: users.email
[SQL: INSERT INTO users (username, email, interests, news_threshold, created_at, last_digest) VALUES (?, ?, ?, ?, ?, ?)]
[parameters: (&#39;IgorCim&#39;, &#39;telegram_5781900327@idoskills.local&#39;, &#39;[&#34;\\u0442\\u0435\\u0445\\u043d\\u043e\\u043b\\u043e\\u0433\\u0438\\u0438&#34;, &#34;\\u043d\\u043e\\u0432\\u043e\\u0441\\u0442\\u0438&#34;]&#39;, 6, &#39;2026-03-30 07:31:43.837544&#39;, None)]
(Background on this error at: https://sqlalche.me/e/20/gkpj)
 // Werkzeug Debugger</title>
    <link rel="stylesheet" href="?__debugger__=yes&amp;cmd=resource&amp;f=style.css">
    <link rel="shortcut icon"
        href="?__debugger__=yes&amp;cmd=resource&amp;f=console.png">
    <script src="?__debugger__=yes&amp;cmd=resource&amp;f=debugger.js"></script>
    <script>
      var CONSOLE_MODE = false,
          EVALEX = true,
          EVALEX_TRUSTED = false,
          SECRET = "DAdXECtg10DC9hVM8bwR";
    </script>
  </head>
  <body style="background-color: #fff">
    <div class="debugger">
<h1>sqlalchemy.exc.IntegrityError</h1>
<div class="detail">
  <p class="errormsg">sqlalchemy.exc.IntegrityError: (sqlite3.IntegrityError) UNIQUE constraint failed: users.email
[SQL: INSERT INTO users (username, email, interests, news_threshold, created_at, last_digest) VALUES (?, ?, ?, ?, ?, ?)]
[parameters: (&#39;IgorCim&#39;, &#39;telegram_5781900327@idoskills.local&#39;, &#39;[&#34;\\u0442\\u0435\\u0445\\u043d\\u043e\\u043b\\u043e\\u0433\\u0438\\u0438&#34;, &#34;\\u043d\\u043e\\u0432\\u043e\\u0441\\u0442\\u0438&#34;]&#39;, 6, &#39;2026-03-30 07:31:43.837544&#39;, None)]
(Background on this error at: https://sqlalche.me/e/20/gkpj)
</p>
</div>
<h2 class="traceback">Traceback <em>(most recent call last)</em></h2>
<div class="traceback">
  <h3></h3>
  <ul><li><div class="frame" id="frame-1930113016960">
  <h4>File <cite class="filename">"D:\Users\Desktop\automator_project\venv\Lib\site-packages\sqlalchemy\engine\base.py"</cite>,
      line <em class="line">1967</em>,
      in <code class="function">_exec_single_context</code></h4>
  <div class="source library"><pre class="line before"><span class="ws">                            </span>context,</pre>
<pre class="line before"><span class="ws">                        </span>):</pre>
<pre class="line before"><span class="ws">                            </span>evt_handled = True</pre>
<pre class="line before"><span class="ws">                            </span>break</pre>
<pre class="line before"><span class="ws">                </span>if not evt_handled:</pre>
<pre class="line current"><span class="ws">                    </span>self.dialect.do_execute(
<span class="ws">                    </span>^</pre>
<pre class="line after"><span class="ws">                        </span>cursor, str_statement, effective_parameters, context</pre>
<pre class="line after"><span class="ws">                    </span>)</pre>
<pre class="line after"><span class="ws"></span> </pre>
<pre class="line after"><span class="ws">            </span>if self._has_events or self.engine._has_events:</pre>
<pre class="line after"><span class="ws">                </span>self.dispatch.after_cursor_execute(</pre></div>
</div>

<li><div class="frame" id="frame-1930113017120">
  <h4>File <cite class="filename">"D:\Users\Desktop\automator_project\venv\Lib\site-packages\sqlalchemy\engine\default.py"</cite>,
      line <em class="line">952</em>,
      in <code class="function">do_execute</code></h4>
  <div class="source library"><pre class="line before"><span class="ws"></span> </pre>
<pre class="line before"><span class="ws">    </span>def do_executemany(self, cursor, statement, parameters, context=None):</pre>
<pre class="line before"><span class="ws">        </span>cursor.executemany(statement, parameters)</pre>
<pre class="line before"><span class="ws"></span> </pre>
<pre class="line before"><span class="ws">    </span>def do_execute(self, cursor, statement, parameters, context=None):</pre>
<pre class="line current"><span class="ws">        </span>cursor.execute(statement, parameters)
<span class="ws">        </span>^^^^^^^^^^^^^^^^^^^^^^^^^^^^^^^^^^^^^</pre>
<pre class="line after"><span class="ws"></span> </pre>
<pre class="line after"><span class="ws">    </span>def do_execute_no_params(self, cursor, statement, context=None):</pre>
<pre class="line after"><span class="ws">        </span>cursor.execute(statement)</pre>
<pre class="line after"><span class="ws"></span> </pre>
<pre class="line after"><span class="ws">    </span>def is_disconnect(</pre></div>
</div>

<li><div class="exc-divider">The above exception was the direct cause of the following exception:</div>
<li><div class="frame" id="frame-1930113010720">
  <h4>File <cite class="filename">"D:\Users\Desktop\automator_project\venv\Lib\site-packages\flask\app.py"</cite>,
      line <em class="line">1478</em>,
      in <code class="function">__call__</code></h4>
  <div class="source library"><pre class="line before"><span class="ws">    </span>def __call__(self, environ: dict, start_response: t.Callable) -&gt; t.Any:</pre>
<pre class="line before"><span class="ws">        </span>&#34;&#34;&#34;The WSGI server calls the Flask application object as the</pre>
<pre class="line before"><span class="ws">        </span>WSGI application. This calls :meth:`wsgi_app`, which can be</pre>
<pre class="line before"><span class="ws">        </span>wrapped to apply middleware.</pre>
<pre class="line before"><span class="ws">        </span>&#34;&#34;&#34;</pre>
<pre class="line current"><span class="ws">        </span>return self.wsgi_app(environ, start_response)
<span class="ws">        </span>       ^^^^^^^^^^^^^^^^^^^^^^^^^^^^^^^^^^^^^^</pre></div>
</div>

<li><div class="frame" id="frame-1930113010880">
  <h4>File <cite class="filename">"D:\Users\Desktop\automator_project\venv\Lib\site-packages\flask\app.py"</cite>,
      line <em class="line">1458</em>,
      in <code class="function">wsgi_app</code></h4>
  <div class="source library"><pre class="line before"><span class="ws">            </span>try:</pre>
<pre class="line before"><span class="ws">                </span>ctx.push()</pre>
<pre class="line before"><span class="ws">                </span>response = self.full_dispatch_request()</pre>
<pre class="line before"><span class="ws">            </span>except Exception as e:</pre>
<pre class="line before"><span class="ws">                </span>error = e</pre>
<pre class="line current"><span class="ws">                </span>response = self.handle_exception(e)
<span class="ws">                </span>           ^^^^^^^^^^^^^^^^^^^^^^^^</pre>
<pre class="line after"><span class="ws">            </span>except:  # noqa: B001</pre>
<pre class="line after"><span class="ws">                </span>error = sys.exc_info()[1]</pre>
<pre class="line after"><span class="ws">                </span>raise</pre>
<pre class="line after"><span class="ws">            </span>return response(environ, start_response)</pre>
<pre class="line after"><span class="ws">        </span>finally:</pre></div>
</div>

<li><div class="frame" id="frame-1930113011840">
  <h4>File <cite class="filename">"D:\Users\Desktop\automator_project\venv\Lib\site-packages\flask_cors\extension.py"</cite>,
      line <em class="line">176</em>,
      in <code class="function">wrapped_function</code></h4>
  <div class="source library"><pre class="line before"><span class="ws">        </span># Wrap exception handlers with cross_origin</pre>
<pre class="line before"><span class="ws">        </span># These error handlers will still respect the behavior of the route</pre>
<pre class="line before"><span class="ws">        </span>if options.get(&#39;intercept_exceptions&#39;, True):</pre>
<pre class="line before"><span class="ws">            </span>def _after_request_decorator(f):</pre>
<pre class="line before"><span class="ws">                </span>def wrapped_function(*args, **kwargs):</pre>
<pre class="line current"><span class="ws">                    </span>return cors_after_request(app.make_response(f(*args, **kwargs)))
<span class="ws">                    </span>                                            ^^^^^^^^^^^^^^^^^^</pre>
<pre class="line after"><span class="ws">                </span>return wrapped_function</pre>
<pre class="line after"><span class="ws"></span> </pre>
<pre class="line after"><span class="ws">            </span>if hasattr(app, &#39;handle_exception&#39;):</pre>
<pre class="line after"><span class="ws">                </span>app.handle_exception = _after_request_decorator(</pre>
<pre class="line after"><span class="ws">                    </span>app.handle_exception)</pre></div>
</div>

<li><div class="frame" id="frame-1930113012160">
  <h4>File <cite class="filename">"D:\Users\Desktop\automator_project\venv\Lib\site-packages\flask\app.py"</cite>,
      line <em class="line">1455</em>,
      in <code class="function">wsgi_app</code></h4>
  <div class="source library"><pre class="line before"><span class="ws">        </span>ctx = self.request_context(environ)</pre>
<pre class="line before"><span class="ws">        </span>error: BaseException | None = None</pre>
<pre class="line before"><span class="ws">        </span>try:</pre>
<pre class="line before"><span class="ws">            </span>try:</pre>
<pre class="line before"><span class="ws">                </span>ctx.push()</pre>
<pre class="line current"><span class="ws">                </span>response = self.full_dispatch_request()
<span class="ws">                </span>           ^^^^^^^^^^^^^^^^^^^^^^^^^^^^</pre>
<pre class="line after"><span class="ws">            </span>except Exception as e:</pre>
<pre class="line after"><span class="ws">                </span>error = e</pre>
<pre class="line after"><span class="ws">                </span>response = self.handle_exception(e)</pre>
<pre class="line after"><span class="ws">            </span>except:  # noqa: B001</pre>
<pre class="line after"><span class="ws">                </span>error = sys.exc_info()[1]</pre></div>
</div>

<li><div class="frame" id="frame-1930113012320">
  <h4>File <cite class="filename">"D:\Users\Desktop\automator_project\venv\Lib\site-packages\flask\app.py"</cite>,
      line <em class="line">869</em>,
      in <code class="function">full_dispatch_request</code></h4>
  <div class="source library"><pre class="line before"><span class="ws">            </span>request_started.send(self, _async_wrapper=self.ensure_sync)</pre>
<pre class="line before"><span class="ws">            </span>rv = self.preprocess_request()</pre>
<pre class="line before"><span class="ws">            </span>if rv is None:</pre>
<pre class="line before"><span class="ws">                </span>rv = self.dispatch_request()</pre>
<pre class="line before"><span class="ws">        </span>except Exception as e:</pre>
<pre class="line current"><span class="ws">            </span>rv = self.handle_user_exception(e)
<span class="ws">            </span>     ^^^^^^^^^^^^^^^^^^^^^^^^^^^^^</pre>
<pre class="line after"><span class="ws">        </span>return self.finalize_request(rv)</pre>
<pre class="line after"><span class="ws"></span> </pre>
<pre class="line after"><span class="ws">    </span>def finalize_request(</pre>
<pre class="line after"><span class="ws">        </span>self,</pre>
<pre class="line after"><span class="ws">        </span>rv: ft.ResponseReturnValue | HTTPException,</pre></div>
</div>

<li><div class="frame" id="frame-1930113012480">
  <h4>File <cite class="filename">"D:\Users\Desktop\automator_project\venv\Lib\site-packages\flask_cors\extension.py"</cite>,
      line <em class="line">176</em>,
      in <code class="function">wrapped_function</code></h4>
  <div class="source library"><pre class="line before"><span class="ws">        </span># Wrap exception handlers with cross_origin</pre>
<pre class="line before"><span class="ws">        </span># These error handlers will still respect the behavior of the route</pre>
<pre class="line before"><span class="ws">        </span>if options.get(&#39;intercept_exceptions&#39;, True):</pre>
<pre class="line before"><span class="ws">            </span>def _after_request_decorator(f):</pre>
<pre class="line before"><span class="ws">                </span>def wrapped_function(*args, **kwargs):</pre>
<pre class="line current"><span class="ws">                    </span>return cors_after_request(app.make_response(f(*args, **kwargs)))
<span class="ws">                    </span>                                            ^^^^^^^^^^^^^^^^^^</pre>
<pre class="line after"><span class="ws">                </span>return wrapped_function</pre>
<pre class="line after"><span class="ws"></span> </pre>
<pre class="line after"><span class="ws">            </span>if hasattr(app, &#39;handle_exception&#39;):</pre>
<pre class="line after"><span class="ws">                </span>app.handle_exception = _after_request_decorator(</pre>
<pre class="line after"><span class="ws">                    </span>app.handle_exception)</pre></div>
</div>

<li><div class="frame" id="frame-1930113012640">
  <h4>File <cite class="filename">"D:\Users\Desktop\automator_project\venv\Lib\site-packages\flask\app.py"</cite>,
      line <em class="line">867</em>,
      in <code class="function">full_dispatch_request</code></h4>
  <div class="source library"><pre class="line before"><span class="ws"></span> </pre>
<pre class="line before"><span class="ws">        </span>try:</pre>
<pre class="line before"><span class="ws">            </span>request_started.send(self, _async_wrapper=self.ensure_sync)</pre>
<pre class="line before"><span class="ws">            </span>rv = self.preprocess_request()</pre>
<pre class="line before"><span class="ws">            </span>if rv is None:</pre>
<pre class="line current"><span class="ws">                </span>rv = self.dispatch_request()
<span class="ws">                </span>     ^^^^^^^^^^^^^^^^^^^^^^^</pre>
<pre class="line after"><span class="ws">        </span>except Exception as e:</pre>
<pre class="line after"><span class="ws">            </span>rv = self.handle_user_exception(e)</pre>
<pre class="line after"><span class="ws">        </span>return self.finalize_request(rv)</pre>
<pre class="line after"><span class="ws"></span> </pre>
<pre class="line after"><span class="ws">    </span>def finalize_request(</pre></div>
</div>

<li><div class="frame" id="frame-1930113012800">
  <h4>File <cite class="filename">"D:\Users\Desktop\automator_project\venv\Lib\site-packages\flask\app.py"</cite>,
      line <em class="line">852</em>,
      in <code class="function">dispatch_request</code></h4>
  <div class="source library"><pre class="line before"><span class="ws">            </span>and req.method == &#34;OPTIONS&#34;</pre>
<pre class="line before"><span class="ws">        </span>):</pre>
<pre class="line before"><span class="ws">            </span>return self.make_default_options_response()</pre>
<pre class="line before"><span class="ws">        </span># otherwise dispatch to the handler for that endpoint</pre>
<pre class="line before"><span class="ws">        </span>view_args: dict[str, t.Any] = req.view_args  # type: ignore[assignment]</pre>
<pre class="line current"><span class="ws">        </span>return self.ensure_sync(self.view_functions[rule.endpoint])(**view_args)
<span class="ws">        </span>       ^^^^^^^^^^^^^^^^^^^^^^^^^^^^^^^^^^^^^^^^^^^^^^^^^^^^^^^^^^^^^^^^^</pre>
<pre class="line after"><span class="ws"></span> </pre>
<pre class="line after"><span class="ws">    </span>def full_dispatch_request(self) -&gt; Response:</pre>
<pre class="line after"><span class="ws">        </span>&#34;&#34;&#34;Dispatches the request and on top of that performs request</pre>
<pre class="line after"><span class="ws">        </span>pre and postprocessing as well as HTTP exception catching and</pre>
<pre class="line after"><span class="ws">        </span>error handling.</pre></div>
</div>

<li><div class="frame" id="frame-1930113012960">
  <h4>File <cite class="filename">"D:\Users\Desktop\automator_project\output\IdoSkillsNews\backend\app.py"</cite>,
      line <em class="line">59</em>,
      in <code class="function">create_user</code></h4>
  <div class="source "><pre class="line before"><span class="ws">        </span>username=data.get(&#39;username&#39;),</pre>
<pre class="line before"><span class="ws">        </span>email=data.get(&#39;email&#39;),</pre>
<pre class="line before"><span class="ws">        </span>interests=json.dumps(data.get(&#39;interests&#39;, []))</pre>
<pre class="line before"><span class="ws">    </span>)</pre>
<pre class="line before"><span class="ws">    </span>db.session.add(user)</pre>
<pre class="line current"><span class="ws">    </span>db.session.commit()
<span class="ws">    </span>^^^^^^^^^^^^^^^^^^^</pre>
<pre class="line after"><span class="ws">    </span>return jsonify(user.to_dict()), 201</pre>
<pre class="line after"><span class="ws"></span> </pre>
<pre class="line after"><span class="ws"></span>@app.route(&#39;/api/users/&lt;int:user_id&gt;&#39;, methods=[&#39;GET&#39;])</pre>
<pre class="line after"><span class="ws"></span>def get_user(user_id):</pre>
<pre class="line after"><span class="ws">    </span>&#34;&#34;&#34;Получение информации о пользователе&#34;&#34;&#34;</pre></div>
</div>

<li><div class="frame" id="frame-1930113013120">
  <h4>File <cite class="filename">"D:\Users\Desktop\automator_project\venv\Lib\site-packages\sqlalchemy\orm\scoping.py"</cite>,
      line <em class="line">597</em>,
      in <code class="function">commit</code></h4>
  <div class="source library"><pre class="line before"><span class="ws">            </span>:ref:`asyncio_orm_avoid_lazyloads`</pre>
<pre class="line before"><span class="ws"></span> </pre>
<pre class="line before"><span class="ws"></span> </pre>
<pre class="line before"><span class="ws">        </span>&#34;&#34;&#34;  # noqa: E501</pre>
<pre class="line before"><span class="ws"></span> </pre>
<pre class="line current"><span class="ws">        </span>return self._proxied.commit()
<span class="ws">        </span>       ^^^^^^^^^^^^^^^^^^^^^^</pre>
<pre class="line after"><span class="ws"></span> </pre>
<pre class="line after"><span class="ws">    </span>def connection(</pre>
<pre class="line after"><span class="ws">        </span>self,</pre>
<pre class="line after"><span class="ws">        </span>bind_arguments: Optional[_BindArguments] = None,</pre>
<pre class="line after"><span class="ws">        </span>execution_options: Optional[CoreExecuteOptionsParameter] = None,</pre></div>
</div>

<li><div class="frame" id="frame-1930113013280">
  <h4>File <cite class="filename">"D:\Users\Desktop\automator_project\venv\Lib\site-packages\sqlalchemy\orm\session.py"</cite>,
      line <em class="line">2030</em>,
      in <code class="function">commit</code></h4>
  <div class="source library"><pre class="line before"><span class="ws">        </span>&#34;&#34;&#34;</pre>
<pre class="line before"><span class="ws">        </span>trans = self._transaction</pre>
<pre class="line before"><span class="ws">        </span>if trans is None:</pre>
<pre class="line before"><span class="ws">            </span>trans = self._autobegin_t()</pre>
<pre class="line before"><span class="ws"></span> </pre>
<pre class="line current"><span class="ws">        </span>trans.commit(_to_root=True)
<span class="ws">        </span>^^^^^^^^^^^^^^^^^^^^^^^^^^^</pre>
<pre class="line after"><span class="ws"></span> </pre>
<pre class="line after"><span class="ws">    </span>def prepare(self) -&gt; None:</pre>
<pre class="line after"><span class="ws">        </span>&#34;&#34;&#34;Prepare the current transaction in progress for two phase commit.</pre>
<pre class="line after"><span class="ws"></span> </pre>
<pre class="line after"><span class="ws">        </span>If no transaction is in progress, this method raises an</pre></div>
</div>

<li><div class="frame" id="frame-1930113013440">
  <h4>File <cite class="filename">"&lt;string&gt;"</cite>,
      line <em class="line">2</em>,
      in <code class="function">commit</code></h4>
  <div class="source "></div>
</div>

<li><div class="frame" id="frame-1930113013600">
  <h4>File <cite class="filename">"D:\Users\Desktop\automator_project\venv\Lib\site-packages\sqlalchemy\orm\state_changes.py"</cite>,
      line <em class="line">137</em>,
      in <code class="function">_go</code></h4>
  <div class="source library"><pre class="line before"><span class="ws">                    </span>)</pre>
<pre class="line before"><span class="ws"></span> </pre>
<pre class="line before"><span class="ws">            </span>self._current_fn = fn</pre>
<pre class="line before"><span class="ws">            </span>self._next_state = _StateChangeStates.CHANGE_IN_PROGRESS</pre>
<pre class="line before"><span class="ws">            </span>try:</pre>
<pre class="line current"><span class="ws">                </span>ret_value = fn(self, *arg, **kw)
<span class="ws">                </span>            ^^^^^^^^^^^^^^^^^^^^</pre>
<pre class="line after"><span class="ws">            </span>except:</pre>
<pre class="line after"><span class="ws">                </span>raise</pre>
<pre class="line after"><span class="ws">            </span>else:</pre>
<pre class="line after"><span class="ws">                </span>if self._state is expect_state:</pre>
<pre class="line after"><span class="ws">                    </span>return ret_value</pre></div>
</div>

<li><div class="frame" id="frame-1930113013760">
  <h4>File <cite class="filename">"D:\Users\Desktop\automator_project\venv\Lib\site-packages\sqlalchemy\orm\session.py"</cite>,
      line <em class="line">1311</em>,
      in <code class="function">commit</code></h4>
  <div class="source library"><pre class="line before"><span class="ws">        </span>SessionTransactionState.CLOSED,</pre>
<pre class="line before"><span class="ws">    </span>)</pre>
<pre class="line before"><span class="ws">    </span>def commit(self, _to_root: bool = False) -&gt; None:</pre>
<pre class="line before"><span class="ws">        </span>if self._state is not SessionTransactionState.PREPARED:</pre>
<pre class="line before"><span class="ws">            </span>with self._expect_state(SessionTransactionState.PREPARED):</pre>
<pre class="line current"><span class="ws">                </span>self._prepare_impl()
<span class="ws">                </span>^^^^^^^^^^^^^^^^^^^^</pre>
<pre class="line after"><span class="ws"></span> </pre>
<pre class="line after"><span class="ws">        </span>if self._parent is None or self.nested:</pre>
<pre class="line after"><span class="ws">            </span>for conn, trans, should_commit, autoclose in set(</pre>
<pre class="line after"><span class="ws">                </span>self._connections.values()</pre>
<pre class="line after"><span class="ws">            </span>):</pre></div>
</div>

<li><div class="frame" id="frame-1930113013920">
  <h4>File <cite class="filename">"&lt;string&gt;"</cite>,
      line <em class="line">2</em>,
      in <code class="function">_prepare_impl</code></h4>
  <div class="source "></div>
</div>

<li><div class="frame" id="frame-1930113014080">
  <h4>File <cite class="filename">"D:\Users\Desktop\automator_project\venv\Lib\site-packages\sqlalchemy\orm\state_changes.py"</cite>,
      line <em class="line">137</em>,
      in <code class="function">_go</code></h4>
  <div class="source library"><pre class="line before"><span class="ws">                    </span>)</pre>
<pre class="line before"><span class="ws"></span> </pre>
<pre class="line before"><span class="ws">            </span>self._current_fn = fn</pre>
<pre class="line before"><span class="ws">            </span>self._next_state = _StateChangeStates.CHANGE_IN_PROGRESS</pre>
<pre class="line before"><span class="ws">            </span>try:</pre>
<pre class="line current"><span class="ws">                </span>ret_value = fn(self, *arg, **kw)
<span class="ws">                </span>            ^^^^^^^^^^^^^^^^^^^^</pre>
<pre class="line after"><span class="ws">            </span>except:</pre>
<pre class="line after"><span class="ws">                </span>raise</pre>
<pre class="line after"><span class="ws">            </span>else:</pre>
<pre class="line after"><span class="ws">                </span>if self._state is expect_state:</pre>
<pre class="line after"><span class="ws">                    </span>return ret_value</pre></div>
</div>

<li><div class="frame" id="frame-1930113014240">
  <h4>File <cite class="filename">"D:\Users\Desktop\automator_project\venv\Lib\site-packages\sqlalchemy\orm\session.py"</cite>,
      line <em class="line">1286</em>,
      in <code class="function">_prepare_impl</code></h4>
  <div class="source library"><pre class="line before"><span class="ws"></span> </pre>
<pre class="line before"><span class="ws">        </span>if not self.session._flushing:</pre>
<pre class="line before"><span class="ws">            </span>for _flush_guard in range(100):</pre>
<pre class="line before"><span class="ws">                </span>if self.session._is_clean():</pre>
<pre class="line before"><span class="ws">                    </span>break</pre>
<pre class="line current"><span class="ws">                </span>self.session.flush()
<span class="ws">                </span>^^^^^^^^^^^^^^^^^^^^</pre>
<pre class="line after"><span class="ws">            </span>else:</pre>
<pre class="line after"><span class="ws">                </span>raise exc.FlushError(</pre>
<pre class="line after"><span class="ws">                    </span>&#34;Over 100 subsequent flushes have occurred within &#34;</pre>
<pre class="line after"><span class="ws">                    </span>&#34;session.commit() - is an after_flush() hook &#34;</pre>
<pre class="line after"><span class="ws">                    </span>&#34;creating new objects?&#34;</pre></div>
</div>

<li><div class="frame" id="frame-1930113014400">
  <h4>File <cite class="filename">"D:\Users\Desktop\automator_project\venv\Lib\site-packages\sqlalchemy\orm\session.py"</cite>,
      line <em class="line">4331</em>,
      in <code class="function">flush</code></h4>
  <div class="source library"><pre class="line before"><span class="ws"></span> </pre>
<pre class="line before"><span class="ws">        </span>if self._is_clean():</pre>
<pre class="line before"><span class="ws">            </span>return</pre>
<pre class="line before"><span class="ws">        </span>try:</pre>
<pre class="line before"><span class="ws">            </span>self._flushing = True</pre>
<pre class="line current"><span class="ws">            </span>self._flush(objects)
<span class="ws">            </span>^^^^^^^^^^^^^^^^^^^^</pre>
<pre class="line after"><span class="ws">        </span>finally:</pre>
<pre class="line after"><span class="ws">            </span>self._flushing = False</pre>
<pre class="line after"><span class="ws"></span> </pre>
<pre class="line after"><span class="ws">    </span>def _flush_warning(self, method: Any) -&gt; None:</pre>
<pre class="line after"><span class="ws">        </span>util.warn(</pre></div>
</div>

<li><div class="frame" id="frame-1930113014560">
  <h4>File <cite class="filename">"D:\Users\Desktop\automator_project\venv\Lib\site-packages\sqlalchemy\orm\session.py"</cite>,
      line <em class="line">4466</em>,
      in <code class="function">_flush</code></h4>
  <div class="source library"><pre class="line before"><span class="ws">            </span>self.dispatch.after_flush_postexec(self, flush_context)</pre>
<pre class="line before"><span class="ws"></span> </pre>
<pre class="line before"><span class="ws">            </span>transaction.commit()</pre>
<pre class="line before"><span class="ws"></span> </pre>
<pre class="line before"><span class="ws">        </span>except:</pre>
<pre class="line current"><span class="ws">            </span>with util.safe_reraise():
<span class="ws">            </span>     ^^^^^^^^^^^^^^^^^^^</pre>
<pre class="line after"><span class="ws">                </span>transaction.rollback(_capture_exception=True)</pre>
<pre class="line after"><span class="ws"></span> </pre>
<pre class="line after"><span class="ws">    </span>def bulk_save_objects(</pre>
<pre class="line after"><span class="ws">        </span>self,</pre>
<pre class="line after"><span class="ws">        </span>objects: Iterable[object],</pre></div>
</div>

<li><div class="frame" id="frame-1930113014720">
  <h4>File <cite class="filename">"D:\Users\Desktop\automator_project\venv\Lib\site-packages\sqlalchemy\util\langhelpers.py"</cite>,
      line <em class="line">121</em>,
      in <code class="function">__exit__</code></h4>
  <div class="source library"><pre class="line before"><span class="ws">        </span># see #2703 for notes</pre>
<pre class="line before"><span class="ws">        </span>if type_ is None:</pre>
<pre class="line before"><span class="ws">            </span>exc_type, exc_value, exc_tb = self._exc_info</pre>
<pre class="line before"><span class="ws">            </span>assert exc_value is not None</pre>
<pre class="line before"><span class="ws">            </span>self._exc_info = None  # remove potential circular references</pre>
<pre class="line current"><span class="ws">            </span>raise exc_value.with_traceback(exc_tb)
<span class="ws">            </span>^^^^^^^^^^^^^^^^^^^^^^^^^^^^^^^^^^^^^^</pre>
<pre class="line after"><span class="ws">        </span>else:</pre>
<pre class="line after"><span class="ws">            </span>self._exc_info = None  # remove potential circular references</pre>
<pre class="line after"><span class="ws">            </span>assert value is not None</pre>
<pre class="line after"><span class="ws">            </span>raise value.with_traceback(traceback)</pre>
<pre class="line after"><span class="ws"></span> </pre></div>
</div>

<li><div class="frame" id="frame-1930113014880">
  <h4>File <cite class="filename">"D:\Users\Desktop\automator_project\venv\Lib\site-packages\sqlalchemy\orm\session.py"</cite>,
      line <em class="line">4427</em>,
      in <code class="function">_flush</code></h4>
  <div class="source library"><pre class="line before"><span class="ws"></span> </pre>
<pre class="line before"><span class="ws">        </span>flush_context.transaction = transaction = self._autobegin_t()._begin()</pre>
<pre class="line before"><span class="ws">        </span>try:</pre>
<pre class="line before"><span class="ws">            </span>self._warn_on_events = True</pre>
<pre class="line before"><span class="ws">            </span>try:</pre>
<pre class="line current"><span class="ws">                </span>flush_context.execute()
<span class="ws">                </span>^^^^^^^^^^^^^^^^^^^^^^^</pre>
<pre class="line after"><span class="ws">            </span>finally:</pre>
<pre class="line after"><span class="ws">                </span>self._warn_on_events = False</pre>
<pre class="line after"><span class="ws"></span> </pre>
<pre class="line after"><span class="ws">            </span>self.dispatch.after_flush(self, flush_context)</pre>
<pre class="line after"><span class="ws"></span> </pre></div>
</div>

<li><div class="frame" id="frame-1930113015040">
  <h4>File <cite class="filename">"D:\Users\Desktop\automator_project\venv\Lib\site-packages\sqlalchemy\orm\unitofwork.py"</cite>,
      line <em class="line">466</em>,
      in <code class="function">execute</code></h4>
  <div class="source library"><pre class="line before"><span class="ws">                </span>while set_:</pre>
<pre class="line before"><span class="ws">                    </span>n = set_.pop()</pre>
<pre class="line before"><span class="ws">                    </span>n.execute_aggregate(self, set_)</pre>
<pre class="line before"><span class="ws">        </span>else:</pre>
<pre class="line before"><span class="ws">            </span>for rec in topological.sort(self.dependencies, postsort_actions):</pre>
<pre class="line current"><span class="ws">                </span>rec.execute(self)
<span class="ws">                </span>^^^^^^^^^^^^^^^^^</pre>
<pre class="line after"><span class="ws"></span> </pre>
<pre class="line after"><span class="ws">    </span>def finalize_flush_changes(self) -&gt; None:</pre>
<pre class="line after"><span class="ws">        </span>&#34;&#34;&#34;Mark processed objects as clean / deleted after a successful</pre>
<pre class="line after"><span class="ws">        </span>flush().</pre>
<pre class="line after"><span class="ws"></span> </pre></div>
</div>

<li><div class="frame" id="frame-1930113015200">
  <h4>File <cite class="filename">"D:\Users\Desktop\automator_project\venv\Lib\site-packages\sqlalchemy\orm\unitofwork.py"</cite>,
      line <em class="line">642</em>,
      in <code class="function">execute</code></h4>
  <div class="source library"><pre class="line before"><span class="ws">        </span>self.sort_key = (&#34;SaveUpdateAll&#34;, mapper._sort_key)</pre>
<pre class="line before"><span class="ws">        </span>assert mapper is mapper.base_mapper</pre>
<pre class="line before"><span class="ws"></span> </pre>
<pre class="line before"><span class="ws">    </span>@util.preload_module(&#34;sqlalchemy.orm.persistence&#34;)</pre>
<pre class="line before"><span class="ws">    </span>def execute(self, uow):</pre>
<pre class="line current"><span class="ws">        </span>util.preloaded.orm_persistence.save_obj(
<span class="ws">        </span>^</pre>
<pre class="line after"><span class="ws">            </span>self.mapper,</pre>
<pre class="line after"><span class="ws">            </span>uow.states_for_mapper_hierarchy(self.mapper, False, False),</pre>
<pre class="line after"><span class="ws">            </span>uow,</pre>
<pre class="line after"><span class="ws">        </span>)</pre>
<pre class="line after"><span class="ws"></span> </pre></div>
</div>

<li><div class="frame" id="frame-1930113015360">
  <h4>File <cite class="filename">"D:\Users\Desktop\automator_project\venv\Lib\site-packages\sqlalchemy\orm\persistence.py"</cite>,
      line <em class="line">93</em>,
      in <code class="function">save_obj</code></h4>
  <div class="source library"><pre class="line before"><span class="ws">            </span>mapper,</pre>
<pre class="line before"><span class="ws">            </span>table,</pre>
<pre class="line before"><span class="ws">            </span>update,</pre>
<pre class="line before"><span class="ws">        </span>)</pre>
<pre class="line before"><span class="ws"></span> </pre>
<pre class="line current"><span class="ws">        </span>_emit_insert_statements(
<span class="ws">        </span>^</pre>
<pre class="line after"><span class="ws">            </span>base_mapper,</pre>
<pre class="line after"><span class="ws">            </span>uowtransaction,</pre>
<pre class="line after"><span class="ws">            </span>mapper,</pre>
<pre class="line after"><span class="ws">            </span>table,</pre>
<pre class="line after"><span class="ws">            </span>insert,</pre></div>
</div>

<li><div class="frame" id="frame-1930113015520">
  <h4>File <cite class="filename">"D:\Users\Desktop\automator_project\venv\Lib\site-packages\sqlalchemy\orm\persistence.py"</cite>,
      line <em class="line">1233</em>,
      in <code class="function">_emit_insert_statements</code></h4>
  <div class="source library"><pre class="line before"><span class="ws">                            </span>statement.values(value_params),</pre>
<pre class="line before"><span class="ws">                            </span>params,</pre>
<pre class="line before"><span class="ws">                            </span>execution_options=execution_options,</pre>
<pre class="line before"><span class="ws">                        </span>)</pre>
<pre class="line before"><span class="ws">                    </span>else:</pre>
<pre class="line current"><span class="ws">                        </span>result = connection.execute(
<span class="ws">                        </span>         </pre>
<pre class="line after"><span class="ws">                            </span>statement,</pre>
<pre class="line after"><span class="ws">                            </span>params,</pre>
<pre class="line after"><span class="ws">                            </span>execution_options=execution_options,</pre>
<pre class="line after"><span class="ws">                        </span>)</pre>
<pre class="line after"><span class="ws"></span> </pre></div>
</div>

<li><div class="frame" id="frame-1930113015680">
  <h4>File <cite class="filename">"D:\Users\Desktop\automator_project\venv\Lib\site-packages\sqlalchemy\engine\base.py"</cite>,
      line <em class="line">1419</em>,
      in <code class="function">execute</code></h4>
  <div class="source library"><pre class="line before"><span class="ws">        </span>try:</pre>
<pre class="line before"><span class="ws">            </span>meth = statement._execute_on_connection</pre>
<pre class="line before"><span class="ws">        </span>except AttributeError as err:</pre>
<pre class="line before"><span class="ws">            </span>raise exc.ObjectNotExecutableError(statement) from err</pre>
<pre class="line before"><span class="ws">        </span>else:</pre>
<pre class="line current"><span class="ws">            </span>return meth(
<span class="ws">            </span>       </pre>
<pre class="line after"><span class="ws">                </span>self,</pre>
<pre class="line after"><span class="ws">                </span>distilled_parameters,</pre>
<pre class="line after"><span class="ws">                </span>execution_options or NO_OPTIONS,</pre>
<pre class="line after"><span class="ws">            </span>)</pre>
<pre class="line after"><span class="ws"></span> </pre></div>
</div>

<li><div class="frame" id="frame-1930113015840">
  <h4>File <cite class="filename">"D:\Users\Desktop\automator_project\venv\Lib\site-packages\sqlalchemy\sql\elements.py"</cite>,
      line <em class="line">527</em>,
      in <code class="function">_execute_on_connection</code></h4>
  <div class="source library"><pre class="line before"><span class="ws">        </span>execution_options: CoreExecuteOptionsParameter,</pre>
<pre class="line before"><span class="ws">    </span>) -&gt; Result[Any]:</pre>
<pre class="line before"><span class="ws">        </span>if self.supports_execution:</pre>
<pre class="line before"><span class="ws">            </span>if TYPE_CHECKING:</pre>
<pre class="line before"><span class="ws">                </span>assert isinstance(self, Executable)</pre>
<pre class="line current"><span class="ws">            </span>return connection._execute_clauseelement(
<span class="ws">            </span>       </pre>
<pre class="line after"><span class="ws">                </span>self, distilled_params, execution_options</pre>
<pre class="line after"><span class="ws">            </span>)</pre>
<pre class="line after"><span class="ws">        </span>else:</pre>
<pre class="line after"><span class="ws">            </span>raise exc.ObjectNotExecutableError(self)</pre>
<pre class="line after"><span class="ws"></span> </pre></div>
</div>

<li><div class="frame" id="frame-1930113016000">
  <h4>File <cite class="filename">"D:\Users\Desktop\automator_project\venv\Lib\site-packages\sqlalchemy\engine\base.py"</cite>,
      line <em class="line">1641</em>,
      in <code class="function">_execute_clauseelement</code></h4>
  <div class="source library"><pre class="line before"><span class="ws">            </span>column_keys=keys,</pre>
<pre class="line before"><span class="ws">            </span>for_executemany=for_executemany,</pre>
<pre class="line before"><span class="ws">            </span>schema_translate_map=schema_translate_map,</pre>
<pre class="line before"><span class="ws">            </span>linting=self.dialect.compiler_linting | compiler.WARN_LINTING,</pre>
<pre class="line before"><span class="ws">        </span>)</pre>
<pre class="line current"><span class="ws">        </span>ret = self._execute_context(
<span class="ws">        </span>      </pre>
<pre class="line after"><span class="ws">            </span>dialect,</pre>
<pre class="line after"><span class="ws">            </span>dialect.execution_ctx_cls._init_compiled,</pre>
<pre class="line after"><span class="ws">            </span>compiled_sql,</pre>
<pre class="line after"><span class="ws">            </span>distilled_parameters,</pre>
<pre class="line after"><span class="ws">            </span>execution_options,</pre></div>
</div>

<li><div class="frame" id="frame-1930113016160">
  <h4>File <cite class="filename">"D:\Users\Desktop\automator_project\venv\Lib\site-packages\sqlalchemy\engine\base.py"</cite>,
      line <em class="line">1846</em>,
      in <code class="function">_execute_context</code></h4>
  <div class="source library"><pre class="line before"><span class="ws">        </span>context.pre_exec()</pre>
<pre class="line before"><span class="ws"></span> </pre>
<pre class="line before"><span class="ws">        </span>if context.execute_style is ExecuteStyle.INSERTMANYVALUES:</pre>
<pre class="line before"><span class="ws">            </span>return self._exec_insertmany_context(dialect, context)</pre>
<pre class="line before"><span class="ws">        </span>else:</pre>
<pre class="line current"><span class="ws">            </span>return self._exec_single_context(
<span class="ws">            </span>       </pre>
<pre class="line after"><span class="ws">                </span>dialect, context, statement, parameters</pre>
<pre class="line after"><span class="ws">            </span>)</pre>
<pre class="line after"><span class="ws"></span> </pre>
<pre class="line after"><span class="ws">    </span>def _exec_single_context(</pre>
<pre class="line after"><span class="ws">        </span>self,</pre></div>
</div>

<li><div class="frame" id="frame-1930113016320">
  <h4>File <cite class="filename">"D:\Users\Desktop\automator_project\venv\Lib\site-packages\sqlalchemy\engine\base.py"</cite>,
      line <em class="line">1986</em>,
      in <code class="function">_exec_single_context</code></h4>
  <div class="source library"><pre class="line before"><span class="ws">            </span>context.post_exec()</pre>
<pre class="line before"><span class="ws"></span> </pre>
<pre class="line before"><span class="ws">            </span>result = context._setup_result_proxy()</pre>
<pre class="line before"><span class="ws"></span> </pre>
<pre class="line before"><span class="ws">        </span>except BaseException as e:</pre>
<pre class="line current"><span class="ws">            </span>self._handle_dbapi_exception(
<span class="ws">            </span>^</pre>
<pre class="line after"><span class="ws">                </span>e, str_statement, effective_parameters, cursor, context</pre>
<pre class="line after"><span class="ws">            </span>)</pre>
<pre class="line after"><span class="ws"></span> </pre>
<pre class="line after"><span class="ws">        </span>return result</pre>
<pre class="line after"><span class="ws"></span> </pre></div>
</div>

<li><div class="frame" id="frame-1930113016480">
  <h4>File <cite class="filename">"D:\Users\Desktop\automator_project\venv\Lib\site-packages\sqlalchemy\engine\base.py"</cite>,
      line <em class="line">2363</em>,
      in <code class="function">_handle_dbapi_exception</code></h4>
  <div class="source library"><pre class="line before"><span class="ws"></span> </pre>
<pre class="line before"><span class="ws">            </span>if newraise:</pre>
<pre class="line before"><span class="ws">                </span>raise newraise.with_traceback(exc_info[2]) from e</pre>
<pre class="line before"><span class="ws">            </span>elif should_wrap:</pre>
<pre class="line before"><span class="ws">                </span>assert sqlalchemy_exception is not None</pre>
<pre class="line current"><span class="ws">                </span>raise sqlalchemy_exception.with_traceback(exc_info[2]) from e
<span class="ws">                </span>^^^^^^^^^^^^^^^^^^^^^^^^^^^^^^^^^^^^^^^^^^^^^^^^^^^^^^^^^^^^^</pre>
<pre class="line after"><span class="ws">            </span>else:</pre>
<pre class="line after"><span class="ws">                </span>assert exc_info[1] is not None</pre>
<pre class="line after"><span class="ws">                </span>raise exc_info[1].with_traceback(exc_info[2])</pre>
<pre class="line after"><span class="ws">        </span>finally:</pre>
<pre class="line after"><span class="ws">            </span>del self._reentrant_error</pre></div>
</div>

<li><div class="frame" id="frame-1930113016640">
  <h4>File <cite class="filename">"D:\Users\Desktop\automator_project\venv\Lib\site-packages\sqlalchemy\engine\base.py"</cite>,
      line <em class="line">1967</em>,
      in <code class="function">_exec_single_context</code></h4>
  <div class="source library"><pre class="line before"><span class="ws">                            </span>context,</pre>
<pre class="line before"><span class="ws">                        </span>):</pre>
<pre class="line before"><span class="ws">                            </span>evt_handled = True</pre>
<pre class="line before"><span class="ws">                            </span>break</pre>
<pre class="line before"><span class="ws">                </span>if not evt_handled:</pre>
<pre class="line current"><span class="ws">                    </span>self.dialect.do_execute(
<span class="ws">                    </span>^</pre>
<pre class="line after"><span class="ws">                        </span>cursor, str_statement, effective_parameters, context</pre>
<pre class="line after"><span class="ws">                    </span>)</pre>
<pre class="line after"><span class="ws"></span> </pre>
<pre class="line after"><span class="ws">            </span>if self._has_events or self.engine._has_events:</pre>
<pre class="line after"><span class="ws">                </span>self.dispatch.after_cursor_execute(</pre></div>
</div>

<li><div class="frame" id="frame-1930113016800">
  <h4>File <cite class="filename">"D:\Users\Desktop\automator_project\venv\Lib\site-packages\sqlalchemy\engine\default.py"</cite>,
      line <em class="line">952</em>,
      in <code class="function">do_execute</code></h4>
  <div class="source library"><pre class="line before"><span class="ws"></span> </pre>
<pre class="line before"><span class="ws">    </span>def do_executemany(self, cursor, statement, parameters, context=None):</pre>
<pre class="line before"><span class="ws">        </span>cursor.executemany(statement, parameters)</pre>
<pre class="line before"><span class="ws"></span> </pre>
<pre class="line before"><span class="ws">    </span>def do_execute(self, cursor, statement, parameters, context=None):</pre>
<pre class="line current"><span class="ws">        </span>cursor.execute(statement, parameters)
<span class="ws">        </span>^^^^^^^^^^^^^^^^^^^^^^^^^^^^^^^^^^^^^</pre>
<pre class="line after"><span class="ws"></span> </pre>
<pre class="line after"><span class="ws">    </span>def do_execute_no_params(self, cursor, statement, context=None):</pre>
<pre class="line after"><span class="ws">        </span>cursor.execute(statement)</pre>
<pre class="line after"><span class="ws"></span> </pre>
<pre class="line after"><span class="ws">    </span>def is_disconnect(</pre></div>
</div>
</ul>
  <blockquote>sqlalchemy.exc.IntegrityError: (sqlite3.IntegrityError) UNIQUE constraint failed: users.email
[SQL: INSERT INTO users (username, email, interests, news_threshold, created_at, last_digest) VALUES (?, ?, ?, ?, ?, ?)]
[parameters: (&#39;IgorCim&#39;, &#39;telegram_5781900327@idoskills.local&#39;, &#39;[&#34;\\u0442\\u0435\\u0445\\u043d\\u043e\\u043b\\u043e\\u0433\\u0438\\u0438&#34;, &#34;\\u043d\\u043e\\u0432\\u043e\\u0441\\u0442\\u0438&#34;]&#39;, 6, &#39;2026-03-30 07:31:43.837544&#39;, None)]
(Background on this error at: https://sqlalche.me/e/20/gkpj)
</blockquote>
</div>

<div class="plain">
    <p>
      This is the Copy/Paste friendly version of the traceback.
    </p>
    <textarea cols="50" rows="10" name="code" readonly>Traceback (most recent call last):
  File &#34;D:\Users\Desktop\automator_project\venv\Lib\site-packages\sqlalchemy\engine\base.py&#34;, line 1967, in _exec_single_context
    self.dialect.do_execute(
    ^
  File &#34;D:\Users\Desktop\automator_project\venv\Lib\site-packages\sqlalchemy\engine\default.py&#34;, line 952, in do_execute
    cursor.execute(statement, parameters)
    ~~~~~~~~~~~~~~^^^^^^^^^^^^^^^^^^^^^^^
sqlite3.IntegrityError: UNIQUE constraint failed: users.email

The above exception was the direct cause of the following exception:

Traceback (most recent call last):
  File &#34;D:\Users\Desktop\automator_project\venv\Lib\site-packages\flask\app.py&#34;, line 1478, in __call__
    return self.wsgi_app(environ, start_response)
           ~~~~~~~~~~~~~^^^^^^^^^^^^^^^^^^^^^^^^^
  File &#34;D:\Users\Desktop\automator_project\venv\Lib\site-packages\flask\app.py&#34;, line 1458, in wsgi_app
    response = self.handle_exception(e)
  File &#34;D:\Users\Desktop\automator_project\venv\Lib\site-packages\flask_cors\extension.py&#34;, line 176, in wrapped_function
    return cors_after_request(app.make_response(f(*args, **kwargs)))
                                                ~^^^^^^^^^^^^^^^^^
  File &#34;D:\Users\Desktop\automator_project\venv\Lib\site-packages\flask\app.py&#34;, line 1455, in wsgi_app
    response = self.full_dispatch_request()
  File &#34;D:\Users\Desktop\automator_project\venv\Lib\site-packages\flask\app.py&#34;, line 869, in full_dispatch_request
    rv = self.handle_user_exception(e)
  File &#34;D:\Users\Desktop\automator_project\venv\Lib\site-packages\flask_cors\extension.py&#34;, line 176, in wrapped_function
    return cors_after_request(app.make_response(f(*args, **kwargs)))
                                                ~^^^^^^^^^^^^^^^^^
  File &#34;D:\Users\Desktop\automator_project\venv\Lib\site-packages\flask\app.py&#34;, line 867, in full_dispatch_request
    rv = self.dispatch_request()
  File &#34;D:\Users\Desktop\automator_project\venv\Lib\site-packages\flask\app.py&#34;, line 852, in dispatch_request
    return self.ensure_sync(self.view_functions[rule.endpoint])(**view_args)
           ~~~~~~~~~~~~~~~~~~~~~~~~~~~~~~~~~~~~~~~~~~~~~~~~~~~~^^^^^^^^^^^^^
  File &#34;D:\Users\Desktop\automator_project\output\IdoSkillsNews\backend\app.py&#34;, line 59, in create_user
    db.session.commit()
    ~~~~~~~~~~~~~~~~~^^
  File &#34;D:\Users\Desktop\automator_project\venv\Lib\site-packages\sqlalchemy\orm\scoping.py&#34;, line 597, in commit
    return self._proxied.commit()
           ~~~~~~~~~~~~~~~~~~~~^^
  File &#34;D:\Users\Desktop\automator_project\venv\Lib\site-packages\sqlalchemy\orm\session.py&#34;, line 2030, in commit
    trans.commit(_to_root=True)
    ~~~~~~~~~~~~^^^^^^^^^^^^^^^
  File &#34;&lt;string&gt;&#34;, line 2, in commit
  File &#34;D:\Users\Desktop\automator_project\venv\Lib\site-packages\sqlalchemy\orm\state_changes.py&#34;, line 137, in _go
    ret_value = fn(self, *arg, **kw)
  File &#34;D:\Users\Desktop\automator_project\venv\Lib\site-packages\sqlalchemy\orm\session.py&#34;, line 1311, in commit
    self._prepare_impl()
    ~~~~~~~~~~~~~~~~~~^^
  File &#34;&lt;string&gt;&#34;, line 2, in _prepare_impl
  File &#34;D:\Users\Desktop\automator_project\venv\Lib\site-packages\sqlalchemy\orm\state_changes.py&#34;, line 137, in _go
    ret_value = fn(self, *arg, **kw)
  File &#34;D:\Users\Desktop\automator_project\venv\Lib\site-packages\sqlalchemy\orm\session.py&#34;, line 1286, in _prepare_impl
    self.session.flush()
    ~~~~~~~~~~~~~~~~~~^^
  File &#34;D:\Users\Desktop\automator_project\venv\Lib\site-packages\sqlalchemy\orm\session.py&#34;, line 4331, in flush
    self._flush(objects)
    ~~~~~~~~~~~^^^^^^^^^
  File &#34;D:\Users\Desktop\automator_project\venv\Lib\site-packages\sqlalchemy\orm\session.py&#34;, line 4466, in _flush
    with util.safe_reraise():
         ~~~~~~~~~~~~~~~~~^^
  File &#34;D:\Users\Desktop\automator_project\venv\Lib\site-packages\sqlalchemy\util\langhelpers.py&#34;, line 121, in __exit__
    raise exc_value.with_traceback(exc_tb)
  File &#34;D:\Users\Desktop\automator_project\venv\Lib\site-packages\sqlalchemy\orm\session.py&#34;, line 4427, in _flush
    flush_context.execute()
    ~~~~~~~~~~~~~~~~~~~~~^^
  File &#34;D:\Users\Desktop\automator_project\venv\Lib\site-packages\sqlalchemy\orm\unitofwork.py&#34;, line 466, in execute
    rec.execute(self)
    ~~~~~~~~~~~^^^^^^
  File &#34;D:\Users\Desktop\automator_project\venv\Lib\site-packages\sqlalchemy\orm\unitofwork.py&#34;, line 642, in execute
    util.preloaded.orm_persistence.save_obj(
    ^
  File &#34;D:\Users\Desktop\automator_project\venv\Lib\site-packages\sqlalchemy\orm\persistence.py&#34;, line 93, in save_obj
    _emit_insert_statements(
    ^
  File &#34;D:\Users\Desktop\automator_project\venv\Lib\site-packages\sqlalchemy\orm\persistence.py&#34;, line 1233, in _emit_insert_statements
    result = connection.execute(
    
  File &#34;D:\Users\Desktop\automator_project\venv\Lib\site-packages\sqlalchemy\engine\base.py&#34;, line 1419, in execute
    return meth(
    
  File &#34;D:\Users\Desktop\automator_project\venv\Lib\site-packages\sqlalchemy\sql\elements.py&#34;, line 527, in _execute_on_connection
    return connection._execute_clauseelement(
    
  File &#34;D:\Users\Desktop\automator_project\venv\Lib\site-packages\sqlalchemy\engine\base.py&#34;, line 1641, in _execute_clauseelement
    ret = self._execute_context(
    
  File &#34;D:\Users\Desktop\automator_project\venv\Lib\site-packages\sqlalchemy\engine\base.py&#34;, line 1846, in _execute_context
    return self._exec_single_context(
    
  File &#34;D:\Users\Desktop\automator_project\venv\Lib\site-packages\sqlalchemy\engine\base.py&#34;, line 1986, in _exec_single_context
    self._handle_dbapi_exception(
    ^
  File &#34;D:\Users\Desktop\automator_project\venv\Lib\site-packages\sqlalchemy\engine\base.py&#34;, line 2363, in _handle_dbapi_exception
    raise sqlalchemy_exception.with_traceback(exc_info[2]) from e
  File &#34;D:\Users\Desktop\automator_project\venv\Lib\site-packages\sqlalchemy\engine\base.py&#34;, line 1967, in _exec_single_context
    self.dialect.do_execute(
    ^
  File &#34;D:\Users\Desktop\automator_project\venv\Lib\site-packages\sqlalchemy\engine\default.py&#34;, line 952, in do_execute
    cursor.execute(statement, parameters)
    ~~~~~~~~~~~~~~^^^^^^^^^^^^^^^^^^^^^^^
sqlalchemy.exc.IntegrityError: (sqlite3.IntegrityError) UNIQUE constraint failed: users.email
[SQL: INSERT INTO users (username, email, interests, news_threshold, created_at, last_digest) VALUES (?, ?, ?, ?, ?, ?)]
[parameters: (&#39;IgorCim&#39;, &#39;telegram_5781900327@idoskills.local&#39;, &#39;[&#34;\\u0442\\u0435\\u0445\\u043d\\u043e\\u043b\\u043e\\u0433\\u0438\\u0438&#34;, &#34;\\u043d\\u043e\\u0432\\u043e\\u0441\\u0442\\u0438&#34;]&#39;, 6, &#39;2026-03-30 07:31:43.837544&#39;, None)]
(Background on this error at: https://sqlalche.me/e/20/gkpj)
</textarea>
</div>
<div class="explanation">
  The debugger caught an exception in your WSGI application.  You can now
  look at the traceback which led to the error.  <span class="nojavascript">
  If you enable JavaScript you can also use additional features such as code
  execution (if the evalex feature is enabled), automatic pasting of the
  exceptions and much more.</span>
</div>
      <div class="footer">
        Brought to you by <strong class="arthur">DON'T PANIC</strong>, your
        friendly Werkzeug powered traceback interpreter.
      </div>
    </div>

    <div class="pin-prompt">
      <div class="inner">
        <h3>Console Locked</h3>
        <p>
          The console is locked and needs to be unlocked by entering the PIN.
          You can find the PIN printed out on the standard output of your
          shell that runs the server.
        <form>
          <p>PIN:
            <input type=text name=pin size=14>
            <input type=submit name=btn value="Confirm Pin">
        </form>
      </div>
    </div>
  </body>
</html>

<!--

Traceback (most recent call last):
  File "D:\Users\Desktop\automator_project\venv\Lib\site-packages\sqlalchemy\engine\base.py", line 1967, in _exec_single_context
    self.dialect.do_execute(
    ^
  File "D:\Users\Desktop\automator_project\venv\Lib\site-packages\sqlalchemy\engine\default.py", line 952, in do_execute
    cursor.execute(statement, parameters)
    ~~~~~~~~~~~~~~^^^^^^^^^^^^^^^^^^^^^^^
sqlite3.IntegrityError: UNIQUE constraint failed: users.email

The above exception was the direct cause of the following exception:

Traceback (most recent call last):
  File "D:\Users\Desktop\automator_project\venv\Lib\site-packages\flask\app.py", line 1478, in __call__
    return self.wsgi_app(environ, start_response)
           ~~~~~~~~~~~~~^^^^^^^^^^^^^^^^^^^^^^^^^
  File "D:\Users\Desktop\automator_project\venv\Lib\site-packages\flask\app.py", line 1458, in wsgi_app
    response = self.handle_exception(e)
  File "D:\Users\Desktop\automator_project\venv\Lib\site-packages\flask_cors\extension.py", line 176, in wrapped_function
    return cors_after_request(app.make_response(f(*args, **kwargs)))
                                                ~^^^^^^^^^^^^^^^^^
  File "D:\Users\Desktop\automator_project\venv\Lib\site-packages\flask\app.py", line 1455, in wsgi_app
    response = self.full_dispatch_request()
  File "D:\Users\Desktop\automator_project\venv\Lib\site-packages\flask\app.py", line 869, in full_dispatch_request
    rv = self.handle_user_exception(e)
  File "D:\Users\Desktop\automator_project\venv\Lib\site-packages\flask_cors\extension.py", line 176, in wrapped_function
    return cors_after_request(app.make_response(f(*args, **kwargs)))
                                                ~^^^^^^^^^^^^^^^^^
  File "D:\Users\Desktop\automator_project\venv\Lib\site-packages\flask\app.py", line 867, in full_dispatch_request
    rv = self.dispatch_request()
  File "D:\Users\Desktop\automator_project\venv\Lib\site-packages\flask\app.py", line 852, in dispatch_request
    return self.ensure_sync(self.view_functions[rule.endpoint])(**view_args)
           ~~~~~~~~~~~~~~~~~~~~~~~~~~~~~~~~~~~~~~~~~~~~~~~~~~~~^^^^^^^^^^^^^
  File "D:\Users\Desktop\automator_project\output\IdoSkillsNews\backend\app.py", line 59, in create_user
    db.session.commit()
    ~~~~~~~~~~~~~~~~~^^
  File "D:\Users\Desktop\automator_project\venv\Lib\site-packages\sqlalchemy\orm\scoping.py", line 597, in commit
    return self._proxied.commit()
           ~~~~~~~~~~~~~~~~~~~~^^
  File "D:\Users\Desktop\automator_project\venv\Lib\site-packages\sqlalchemy\orm\session.py", line 2030, in commit
    trans.commit(_to_root=True)
    ~~~~~~~~~~~~^^^^^^^^^^^^^^^
  File "<string>", line 2, in commit
  File "D:\Users\Desktop\automator_project\venv\Lib\site-packages\sqlalchemy\orm\state_changes.py", line 137, in _go
    ret_value = fn(self, *arg, **kw)
  File "D:\Users\Desktop\automator_project\venv\Lib\site-packages\sqlalchemy\orm\session.py", line 1311, in commit
    self._prepare_impl()
    ~~~~~~~~~~~~~~~~~~^^
  File "<string>", line 2, in _prepare_impl
  File "D:\Users\Desktop\automator_project\venv\Lib\site-packages\sqlalchemy\orm\state_changes.py", line 137, in _go
    ret_value = fn(self, *arg, **kw)
  File "D:\Users\Desktop\automator_project\venv\Lib\site-packages\sqlalchemy\orm\session.py", line 1286, in _prepare_impl
    self.session.flush()
    ~~~~~~~~~~~~~~~~~~^^
  File "D:\Users\Desktop\automator_project\venv\Lib\site-packages\sqlalchemy\orm\session.py", line 4331, in flush
    self._flush(objects)
    ~~~~~~~~~~~^^^^^^^^^
  File "D:\Users\Desktop\automator_project\venv\Lib\site-packages\sqlalchemy\orm\session.py", line 4466, in _flush
    with util.safe_reraise():
         ~~~~~~~~~~~~~~~~~^^
  File "D:\Users\Desktop\automator_project\venv\Lib\site-packages\sqlalchemy\util\langhelpers.py", line 121, in __exit__
    raise exc_value.with_traceback(exc_tb)
  File "D:\Users\Desktop\automator_project\venv\Lib\site-packages\sqlalchemy\orm\session.py", line 4427, in _flush
    flush_context.execute()
    ~~~~~~~~~~~~~~~~~~~~~^^
  File "D:\Users\Desktop\automator_project\venv\Lib\site-packages\sqlalchemy\orm\unitofwork.py", line 466, in execute
    rec.execute(self)
    ~~~~~~~~~~~^^^^^^
  File "D:\Users\Desktop\automator_project\venv\Lib\site-packages\sqlalchemy\orm\unitofwork.py", line 642, in execute
    util.preloaded.orm_persistence.save_obj(
    ^
  File "D:\Users\Desktop\automator_project\venv\Lib\site-packages\sqlalchemy\orm\persistence.py", line 93, in save_obj
    _emit_insert_statements(
    ^
  File "D:\Users\Desktop\automator_project\venv\Lib\site-packages\sqlalchemy\orm\persistence.py", line 1233, in _emit_insert_statements
    result = connection.execute(
    
  File "D:\Users\Desktop\automator_project\venv\Lib\site-packages\sqlalchemy\engine\base.py", line 1419, in execute
    return meth(
    
  File "D:\Users\Desktop\automator_project\venv\Lib\site-packages\sqlalchemy\sql\elements.py", line 527, in _execute_on_connection
    return connection._execute_clauseelement(
    
  File "D:\Users\Desktop\automator_project\venv\Lib\site-packages\sqlalchemy\engine\base.py", line 1641, in _execute_clauseelement
    ret = self._execute_context(
    
  File "D:\Users\Desktop\automator_project\venv\Lib\site-packages\sqlalchemy\engine\base.py", line 1846, in _execute_context
    return self._exec_single_context(
    
  File "D:\Users\Desktop\automator_project\venv\Lib\site-packages\sqlalchemy\engine\base.py", line 1986, in _exec_single_context
    self._handle_dbapi_exception(
    ^
  File "D:\Users\Desktop\automator_project\venv\Lib\site-packages\sqlalchemy\engine\base.py", line 2363, in _handle_dbapi_exception
    raise sqlalchemy_exception.with_traceback(exc_info[2]) from e
  File "D:\Users\Desktop\automator_project\venv\Lib\site-packages\sqlalchemy\engine\base.py", line 1967, in _exec_single_context
    self.dialect.do_execute(
    ^
  File "D:\Users\Desktop\automator_project\venv\Lib\site-packages\sqlalchemy\engine\default.py", line 952, in do_execute
    cursor.execute(statement, parameters)
    ~~~~~~~~~~~~~~^^^^^^^^^^^^^^^^^^^^^^^
sqlalchemy.exc.IntegrityError: (sqlite3.IntegrityError) UNIQUE constraint failed: users.email
[SQL: INSERT INTO users (username, email, interests, news_threshold, created_at, last_digest) VALUES (?, ?, ?, ?, ?, ?)]
[parameters: ('IgorCim', 'telegram_5781900327@idoskills.local', '["\\u0442\\u0435\\u0445\\u043d\\u043e\\u043b\\u043e\\u0433\\u0438\\u0438", "\\u043d\\u043e\\u0432\\u043e\\u0441\\u0442\\u0438"]', 6, '2026-03-30 07:31:43.837544', None)]
(Background on this error at: https://sqlalche.me/e/20/gkpj)


-->

2026-03-30 14:31:43,888 - __main__ - INFO - 🔍 Пробуем найти существующего пользователя...
2026-03-30 14:31:43,889 - __main__ - DEBUG - 🔍 Поиск пользователя: telegram_id=5781900327
2026-03-30 14:31:43,889 - __main__ - DEBUG - 📡 GET http://localhost:5000/api/users/5781900327
2026-03-30 14:31:43,890 - urllib3.connectionpool - DEBUG - Starting new HTTP connection (1): localhost:5000
2026-03-30 14:31:45,930 - urllib3.connectionpool - DEBUG - http://localhost:5000 "GET /api/users/5781900327 HTTP/1.1" 404 207
2026-03-30 14:31:45,931 - __main__ - DEBUG - 📥 Response status: 404
2026-03-30 14:31:45,934 - __main__ - DEBUG - 📥 Response body: <!doctype html>
<html lang=en>
<title>404 Not Found</title>
<h1>Not Found</h1>
<p>The requested URL was not found on the server. If you entered the URL manually please check your spelling and try agai
2026-03-30 14:31:45,934 - __main__ - INFO - ℹ️ Пользователь не найден (404)
2026-03-30 14:31:45,935 - __main__ - ERROR - ❌ Не удалось создать пользователя
2026-03-30 14:31:45,939 - urllib3.connectionpool - DEBUG - Starting new HTTPS connection (1): api.telegram.org:443
2026-03-30 14:31:46,819 - urllib3.connectionpool - DEBUG - https://api.telegram.org:443 "POST /bot8730236171:AAFy_65gvPbjYkMvnxpGyZ5bOirrxUC6rJQ/sendMessage?chat_id=5781900327&text=%E2%9A%A0%EF%B8%8F+%D0%9E%D1%88%D0%B8%D0%B1%D0%BA%D0%B0+%D1%81%D0%BE%D0%B7%D0%B4%D0%B0%D0%BD%D0%B8%D1%8F+%D0%B0%D0%BA%D0%BA%D0%B0%D1%83%D0%BD%D1%82%D0%B0.%0A%0A%F0%9F%94%8D+%D0%9F%D1%80%D0%BE%D0%B2%D0%B5%D1%80%D1%8C%D1%82%D0%B5%3A%0A%E2%80%A2+%D0%91%D1%8D%D0%BA%D0%B5%D0%BD%D0%B4+%D0%B7%D0%B0%D0%BF%D1%83%D1%89%D0%B5%D0%BD%3A+%60http%3A%2F%2Flocalhost%3A5000%2Fapi%60%0A%E2%80%A2+%D0%91%D0%B0%D0%B7%D0%B0+%D0%B4%D0%B0%D0%BD%D0%BD%D1%8B%D1%85+%D1%81%D1%83%D1%89%D0%B5%D1%81%D1%82%D0%B2%D1%83%D0%B5%D1%82%0A%E2%80%A2+%D0%9D%D0%B5%D1%82+%D0%BA%D0%BE%D0%BD%D1%84%D0%BB%D0%B8%D0%BA%D1%82%D0%B0+email&reply_markup=%7B%22keyboard%22%3A+%5B%5B%7B%22text%22%3A+%22%5Cud83d%5Cudcf0+%5Cu041d%5Cu043e%5Cu0432%5Cu043e%5Cu0441%5Cu0442%5Cu0438%22%7D%2C+%7B%22text%22%3A+%22%5Cud83d%5Cudccb+%5Cu0421%5Cu0432%5Cu043e%5Cu0434%5Cu043a%5Cu0430%22%7D%5D%2C+%5B%7B%22text%22%3A+%22%5Cu2699%5Cufe0f+%5Cu041d%5Cu0430%5Cu0441%5Cu0442%5Cu0440%5Cu043e%5Cu0439%5Cu043a%5Cu0438%22%7D%2C+%7B%22text%22%3A+%22%5Cu2753+%5Cu041f%5Cu043e%5Cu043c%5Cu043e%5Cu0449%5Cu044c%22%7D%5D%5D%2C+%22resize_keyboard%22%3A+true%7D&parse_mode=Markdown&reply_parameters=%7B%22message_id%22%3A+23%7D HTTP/1.1" 200 1426
2026-03-30 14:31:59,854 - urllib3.connectionpool - DEBUG - https://api.telegram.org:443 "GET /bot8730236171:AAFy_65gvPbjYkMvnxpGyZ5bOirrxUC6rJQ/getUpdates?offset=95087067&timeout=20 HTTP/1.1" 200 23
2026-03-30 14:32:04,013 - TeleBot - ERROR - Infinity polling: polling exited
2026-03-30 14:32:04,015 - TeleBot - ERROR - Break infinity polling
